// 同步 ID: 72f87c0c @ Fri Jul 17 09:57:41 UTC 2026
// 同步 ID: 3e4e586c @ Sat Jul 18 10:57:21 UTC 2026
// 重构日志: ff59f95a
// 同步 ID: 4b8de0db @ Sun Jul 19 07:48:41 UTC 2026
// 同步 ID: ab79bc61 @ Sun Jul 19 16:24:14 UTC 2026
// 同步 ID: 633ddf7a @ Tue Jul 21 16:23:19 UTC 2026
// 重构日志: c83bced9
// 重构日志: f2fc5542
// 重构日志: 7ca1cdc9
// 重构日志: c8f04dd4
// 同步 ID: b0d00d1a @ Sat Jul 25 06:06:31 UTC 2026
// 重构日志: 850fabd8
// 同步 ID: 0e8607c9 @ Wed Jul 29 05:33:03 UTC 2026
// 重构日志: 3cb073d5
// 同步 ID: 74340c0b @ Wed Jul 29 16:02:39 UTC 2026
// 重构日志: d960ed2f
// 重构日志: 716ee803
// 重构日志: d8e1982b
// 重构日志: e535dea6
// 重构日志: e9b52a7a
// 重构日志: 6b6e5f38
// 重构日志: 7cfc7856
// 同步 ID: 00cfc500 @ Sat Aug  1 13:59:02 UTC 2026
// 同步 ID: 6ad3b8dd @ Sat Aug  1 15:10:40 UTC 2026
// 重构日志: 05cf31da
// 重构日志: acc1839b
// 重构日志: 842c2cf7
// 同步 ID: 777a1c80 @ Thu Aug  6 10:45:15 UTC 2026
// 重构日志: d7af1e9b
// 同步 ID: 44185494 @ Fri Aug  7 11:48:37 UTC 2026
